------------------10.1.a.c---------------------------------
10.1.a.c: In function ‘main’:
10.1.a.c:15: warning: MISRA 10.1 a: integer type expression implicitly converted to a narrower or different signess underlying type
10.1.a.c:16: warning: MISRA 10.1 a: integer type expression implicitly converted to a narrower or different signess underlying type
10.1.a.c:17: warning: MISRA 10.1 a: integer type expression implicitly converted to a narrower or different signess underlying type
10.1.a.c:18: warning: MISRA 10.1 a: integer type expression implicitly converted to a narrower or different signess underlying type
------------------10.1.b.c---------------------------------
10.1.b.c: In function ‘main’:
10.1.b.c:21: warning: MISRA 10.1 b: complex integer type expression implicitly converted to a different underlying type
10.1.b.c:22: warning: MISRA 10.1 b: complex integer type expression implicitly converted to a different underlying type
10.1.b.c:25: warning: MISRA 10.5: the result of ~ or << of char or short int underlying type not casted to char etc. immediately
10.1.b.c:26: warning: MISRA 10.1 b: complex integer type expression implicitly converted to a different underlying type
10.1.b.c:28: warning: MISRA 10.1 b: complex integer type expression implicitly converted to a different underlying type
------------------10.1.c.c---------------------------------
10.1.c.c: In function ‘main’:
10.1.c.c:18: warning: MISRA 10.1 c: non-constant integer type argument implicitly converted to a different underlying type
10.1.c.c:19: warning: MISRA 10.1 c: non-constant integer type argument implicitly converted to a different underlying type
10.1.c.c:22: warning: MISRA 10.1 b: complex integer type expression implicitly converted to a different underlying type
10.1.c.c:23: warning: MISRA 10.1 a: integer type expression implicitly converted to a narrower or different signess underlying type
10.1.c.c:24: warning: MISRA 10.1 a: integer type expression implicitly converted to a narrower or different signess underlying type
10.1.c.c:25: warning: MISRA 10.1 a: integer type expression implicitly converted to a narrower or different signess underlying type
------------------10.1.d.c---------------------------------
10.1.d.c: In function ‘f0’:
10.1.d.c:15: warning: MISRA 10.1 a: integer type expression implicitly converted to a narrower or different signess underlying type
10.1.d.c: In function ‘f1’:
10.1.d.c:19: warning: MISRA 10.1 a: integer type expression implicitly converted to a narrower or different signess underlying type
10.1.d.c: In function ‘f2’:
10.1.d.c:23: warning: MISRA 10.1 a: integer type expression implicitly converted to a narrower or different signess underlying type
10.1.d.c: In function ‘f5’:
10.1.d.c:35: warning: MISRA 10.1 a: integer type expression implicitly converted to a narrower or different signess underlying type
10.1.d.c: In function ‘f6’:
10.1.d.c:39: warning: MISRA 10.1 a: integer type expression implicitly converted to a narrower or different signess underlying type
10.1.d.c: In function ‘f7’:
10.1.d.c:43: warning: MISRA 10.1 a: integer type expression implicitly converted to a narrower or different signess underlying type
10.1.d.c: In function ‘f8’:
10.1.d.c:47: warning: MISRA 10.1 a: integer type expression implicitly converted to a narrower or different signess underlying type
------------------10.2.c---------------------------------
10.2.c: In function ‘f1’:
10.2.c:18: warning: MISRA 10.2 d: floating type return expression implicitly converted to a different type
10.2.c: In function ‘main’:
10.2.c:27: warning: MISRA 10.2 c: floating type argument implicitly converted to a different type
10.2.c:28: warning: MISRA 10.2 b: complex floating type expression implicitly converted to a different type
10.2.c:29: warning: MISRA 10.2 a: floating type expression implicitly converted to a non-floating or narrower type
10.2.c:30: warning: MISRA 10.2 a: floating type expression implicitly converted to a non-floating or narrower type
------------------10.5.c---------------------------------
10.5.c: In function ‘main’:
10.5.c:11: warning: MISRA 10.5: the result of ~ or << of char or short int underlying type not casted to char etc. immediately
10.5.c:13: warning: MISRA 10.5: the result of ~ or << of char or short int underlying type not casted to char etc. immediately
10.5.c:17: warning: MISRA 10.5: the result of ~ or << of char or short int underlying type not casted to char etc. immediately
10.5.c:19: warning: MISRA 10.5: the result of ~ or << of char or short int underlying type not casted to char etc. immediately
10.5.c:20: warning: MISRA 10.5: the result of ~ or << of char or short int underlying type not casted to char etc. immediately
10.5.c:20: warning: MISRA 10.5: the result of ~ or << of char or short int underlying type not casted to char etc. immediately
